#-----------------------------------------------------------
# Vivado v2024.2 (64-bit)
# SW Build 5239630 on Fri Nov 08 22:35:27 MST 2024
# IP Build 5239520 on Sun Nov 10 16:12:51 MST 2024
# SharedData Build 5239561 on Fri Nov 08 14:39:27 MST 2024
# Start of session at: Sat Feb  8 13:34:21 2025
# Process ID         : 7232
# Current directory  : C:/Users/georg/project_1/project_1.runs/impl_1
# Command line       : vivado.exe -log First_example.vdi -applog -product Vivado -messageDb vivado.pb -mode batch -source First_example.tcl -notrace
# Log file           : C:/Users/georg/project_1/project_1.runs/impl_1/First_example.vdi
# Journal file       : C:/Users/georg/project_1/project_1.runs/impl_1\vivado.jou
# Running On         : DESKTOP-4F9HJUU
# Platform           : Windows Server 2016 or Windows 10
# Operating System   : 19045
# Processor Detail   : 11th Gen Intel(R) Core(TM) i7-11800H @ 2.30GHz
# CPU Frequency      : 2304 MHz
# CPU Physical cores : 8
# CPU Logical cores  : 16
# Host memory        : 16866 MB
# Swap memory        : 5637 MB
# Total Virtual      : 22504 MB
# Available Virtual  : 10624 MB
#-----------------------------------------------------------
source First_example.tcl -notrace
